nohup: ignoring input
Downloading 370 shards using 4 workers...
Target directory: /home/danish/tarungupta/.cache/nanochat/base_data

Downloading shard_00024.parquet...
Successfully downloaded shard_00024.parquet
Downloading shard_00025.parquet...
Successfully downloaded shard_00025.parquet
Downloading shard_00026.parquet...
Successfully downloaded shard_00026.parquet
Downloading shard_00027.parquet...
Successfully downloaded shard_00027.parquet
Downloading shard_00028.parquet...
Successfully downloaded shard_00028.parquet
Downloading shard_00029.parquet...
Successfully downloaded shard_00029.parquet
Downloading shard_00030.parquet...
Successfully downloaded shard_00030.parquet
Downloading shard_00031.parquet...
Successfully downloaded shard_00031.parquet
Downloading shard_00032.parquet...
Successfully downloaded shard_00032.parquet
Downloading shard_00033.parquet...
Successfully downloaded shard_00033.parquet
Downloading shard_00034.parquet...
Successfully downloaded shard_00034.parquet
Downloading shard_00035.parquet...
Successfully downloaded shard_00035.parquet
Downloading shard_00036.parquet...
Successfully downloaded shard_00036.parquet
Downloading shard_00037.parquet...
Successfully downloaded shard_00037.parquet
Downloading shard_00038.parquet...
Successfully downloaded shard_00038.parquet
Downloading shard_00039.parquet...
Successfully downloaded shard_00039.parquet
Downloading shard_00040.parquet...
Successfully downloaded shard_00040.parquet
Downloading shard_00041.parquet...
Successfully downloaded shard_00041.parquet
Downloading shard_00042.parquet...
Successfully downloaded shard_00042.parquet
Downloading shard_00043.parquet...
Successfully downloaded shard_00043.parquet
Downloading shard_00044.parquet...
Successfully downloaded shard_00044.parquet
Downloading shard_00045.parquet...
Successfully downloaded shard_00045.parquet
Downloading shard_00046.parquet...
Successfully downloaded shard_00046.parquet
Downloading shard_00047.parquet...
Successfully downloaded shard_00047.parquet
Downloading shard_00120.parquet...
Successfully downloaded shard_00120.parquet
Downloading shard_00121.parquet...
Successfully downloaded shard_00121.parquet
Downloading shard_00122.parquet...
Successfully downloaded shard_00122.parquet
Downloading shard_00123.parquet...
Successfully downloaded shard_00123.parquet
Downloading shard_00124.parquet...
Successfully downloaded shard_00124.parquet
Downloading shard_00125.parquet...
Successfully downloaded shard_00125.parquet
Downloading shard_00126.parquet...
Successfully downloaded shard_00126.parquet
Downloading shard_00127.parquet...
Successfully downloaded shard_00127.parquet
Downloading shard_00128.parquet...
Successfully downloaded shard_00128.parquet
Downloading shard_00129.parquet...
Successfully downloaded shard_00129.parquet
Downloading shard_00130.parquet...
Successfully downloaded shard_00130.parquet
Downloading shard_00131.parquet...
Successfully downloaded shard_00131.parquet
Downloading shard_00132.parquet...
Successfully downloaded shard_00132.parquet
Downloading shard_00133.parquet...
Successfully downloaded shard_00133.parquet
Downloading shard_00134.parquet...
Successfully downloaded shard_00134.parquet
Downloading shard_00135.parquet...
Successfully downloaded shard_00135.parquet
Downloading shard_00136.parquet...
Successfully downloaded shard_00136.parquet
Downloading shard_00137.parquet...
Successfully downloaded shard_00137.parquet
Downloading shard_00138.parquet...
Successfully downloaded shard_00138.parquet
Downloading shard_00139.parquet...
Successfully downloaded shard_00139.parquet
Downloading shard_00140.parquet...
Successfully downloaded shard_00140.parquet
Downloading shard_00141.parquet...
Successfully downloaded shard_00141.parquet
Downloading shard_00142.parquet...
Successfully downloaded shard_00142.parquet
Downloading shard_00143.parquet...
Successfully downloaded shard_00143.parquet
Downloading shard_00192.parquet...
Successfully downloaded shard_00192.parquet
Downloading shard_00193.parquet...
Successfully downloaded shard_00193.parquet
Downloading shard_00194.parquet...
Successfully downloaded shard_00194.parquet
Downloading shard_00195.parquet...
Successfully downloaded shard_00195.parquet
Downloading shard_00196.parquet...
Successfully downloaded shard_00196.parquet
Downloading shard_00197.parquet...
Successfully downloaded shard_00197.parquet
Downloading shard_00198.parquet...
Successfully downloaded shard_00198.parquet
Downloading shard_00199.parquet...
Successfully downloaded shard_00199.parquet
Downloading shard_00200.parquet...
Successfully downloaded shard_00200.parquet
Downloading shard_00201.parquet...
Successfully downloaded shard_00201.parquet
Downloading shard_00202.parquet...
Successfully downloaded shard_00202.parquet
Downloading shard_00203.parquet...
Successfully downloaded shard_00203.parquet
Downloading shard_00204.parquet...
Successfully downloaded shard_00204.parquet
Downloading shard_00205.parquet...
Successfully downloaded shard_00205.parquet
Downloading shard_00206.parquet...
Successfully downloaded shard_00206.parquet
Downloading shard_00207.parquet...
Successfully downloaded shard_00207.parquet
Downloading shard_00208.parquet...
Successfully downloaded shard_00208.parquet
Downloading shard_00209.parquet...
Successfully downloaded shard_00209.parquet
Downloading shard_00210.parquet...
Successfully downloaded shard_00210.parquet
Downloading shard_00211.parquet...
Successfully downloaded shard_00211.parquet
Downloading shard_00212.parquet...
Successfully downloaded shard_00212.parquet
Downloading shard_00213.parquet...
Successfully downloaded shard_00213.parquet
Downloading shard_00214.parquet...
Successfully downloaded shard_00214.parquet
Downloading shard_00215.parquet...
Successfully downloaded shard_00215.parquet
Downloading shard_00264.parquet...
Successfully downloaded shard_00264.parquet
Downloading shard_00265.parquet...
Successfully downloaded shard_00265.parquet
Downloading shard_00266.parquet...
Successfully downloaded shard_00266.parquet
Downloading shard_00267.parquet...
Successfully downloaded shard_00267.parquet
Downloading shard_00268.parquet...
Successfully downloaded shard_00268.parquet
Downloading shard_00269.parquet...
Successfully downloaded shard_00269.parquet
Downloading shard_00270.parquet...
Successfully downloaded shard_00270.parquet
Downloading shard_00271.parquet...
Successfully downloaded shard_00271.parquet
Downloading shard_00272.parquet...
Successfully downloaded shard_00272.parquet
Downloading shard_00273.parquet...
Successfully downloaded shard_00273.parquet
Downloading shard_00274.parquet...
Successfully downloaded shard_00274.parquet
Downloading shard_00275.parquet...
Successfully downloaded shard_00275.parquet
Downloading shard_00276.parquet...
Successfully downloaded shard_00276.parquet
Downloading shard_00277.parquet...
Successfully downloaded shard_00277.parquet
Downloading shard_00278.parquet...
Successfully downloaded shard_00278.parquet
Downloading shard_00279.parquet...
Successfully downloaded shard_00279.parquet
Downloading shard_00280.parquet...
Successfully downloaded shard_00280.parquet
Downloading shard_00281.parquet...
Successfully downloaded shard_00281.parquet
Downloading shard_00282.parquet...
Successfully downloaded shard_00282.parquet
Downloading shard_00283.parquet...
Successfully downloaded shard_00283.parquet
Downloading shard_00284.parquet...
Successfully downloaded shard_00284.parquet
Downloading shard_00285.parquet...
Successfully downloaded shard_00285.parquet
Downloading shard_00286.parquet...
Successfully downloaded shard_00286.parquet
Downloading shard_00287.parquet...
Successfully downloaded shard_00287.parquet
Downloading shard_00048.parquet...
Successfully downloaded shard_00048.parquet
Downloading shard_00049.parquet...
Successfully downloaded shard_00049.parquet
Downloading shard_00050.parquet...
Successfully downloaded shard_00050.parquet
Downloading shard_00051.parquet...
Successfully downloaded shard_00051.parquet
Downloading shard_00052.parquet...
Successfully downloaded shard_00052.parquet
Downloading shard_00053.parquet...
Successfully downloaded shard_00053.parquet
DDone! Downloaded: 370/370 shards to /home/danish/tarungupta/.cache/nanochat/base_data
